// Jest Snapshot v1, https://goo.gl/fbAQLP

exports[`MainContent component matches the snapshot 1`] = `
<DocumentFragment>
  <div
    class="ml-auto place-content-end"
  >
    <a
      href="/"
    >
      Main page
    </a>
  </div>
  <h1
    class="oswald-font text-4xl font-bold mb-10 text-center"
  >
    Welcome Back, John Doe!
  </h1>
  <div
    class="w-full flex justify-between max-sm:flex-col max-sm:text-center max-sm:gap-5 "
  >
    <a
      href="/#"
    >
      REST Client
    </a>
    <a
      href="/#"
    >
      GraphiQL Client
    </a>
    <a
      href="/#"
    >
      History
    </a>
  </div>
</DocumentFragment>
`;
