// Jest Snapshot v1, https://goo.gl/fbAQLP

exports[`Home component matches the snapshot 1`] = `
<DocumentFragment>
  <main
    class="flex-grow container mx-auto flex flex-col items-center justify-around px-4 sm:px-8 md:px-12 lg:px-16 xl:px-20"
  >
    <div>
      WelcomeContent
    </div>
  </main>
</DocumentFragment>
`;
